<?xml version="1.0" encoding="UTF-8"?>
<TestRun id="d5b8153c-0826-4cc4-aa7d-555b55bc0090" name="Jonas@JONAS-PC 2012-06-01 21:18:55" runUser="Jonas-PC\Jonas" xmlns="http://microsoft.com/schemas/VisualStudio/TeamTest/2010">
  <TestSettings name="Local" id="496a61aa-4d45-44a3-8c70-ae3d7dd51462">
    <Description>These are default test settings for a local test run.</Description>
    <Deployment enabled="false" runDeploymentRoot="Jonas_JONAS-PC 2012-06-01 21_18_55">
      <DeploymentItem filename="C:\Users\Jonas\Documents\GitHub\alf\alf-services\bin\Debug\alf-services.dll" />
      <DeploymentItem filename="C:\Users\Jonas\Documents\GitHub\alf\alf-2013\bin\alf-2013.dll" />
    </Deployment>
    <Execution>
      <TestTypeSpecific />
      <AgentRule name="Execution Agents">
      </AgentRule>
    </Execution>
  </TestSettings>
  <Times creation="2012-06-01T21:18:55.5053806+02:00" queuing="2012-06-01T21:18:55.5413827+02:00" start="2012-06-01T21:18:55.5453829+02:00" finish="2012-06-01T21:18:56.4104324+02:00" />
  <ResultSummary outcome="Completed">
    <Counters total="1" executed="1" passed="1" error="0" failed="0" timeout="0" aborted="0" inconclusive="0" passedButRunAborted="0" notRunnable="0" notExecuted="0" disconnected="0" warning="0" completed="0" inProgress="0" pending="0" />
  </ResultSummary>
  <TestDefinitions>
    <UnitTest name="ServiceReturnsCorrectAmountOfFiles" storage="c:\users\jonas\documents\github\alf\alf-tests\bin\debug\alf-tests.dll" id="56bd20bc-db3a-85cc-102c-ad539f811be3">
      <Execution id="661aa345-3db0-4ba6-be7f-896ad3d4a8ad" />
      <TestMethod codeBase="C:/Users/Jonas/Documents/GitHub/alf/alf-tests/bin/Debug/alf-tests.DLL" adapterTypeName="Microsoft.VisualStudio.TestTools.TestTypes.Unit.UnitTestAdapter, Microsoft.VisualStudio.QualityTools.Tips.UnitTest.Adapter, Version=10.0.0.0, Culture=neutral, PublicKeyToken=b03f5f7f11d50a3a" className="alf_tests.StorageTest, alf-tests, Version=1.0.0.0, Culture=neutral, PublicKeyToken=null" name="ServiceReturnsCorrectAmountOfFiles" />
    </UnitTest>
  </TestDefinitions>
  <TestLists>
    <TestList name="Results Not in a List" id="8c84fa94-04c1-424b-9868-57a2d4851a1d" />
    <TestList name="All Loaded Results" id="19431567-8539-422a-85d7-44ee4e166bda" />
  </TestLists>
  <TestEntries>
    <TestEntry testId="56bd20bc-db3a-85cc-102c-ad539f811be3" executionId="661aa345-3db0-4ba6-be7f-896ad3d4a8ad" testListId="8c84fa94-04c1-424b-9868-57a2d4851a1d" />
  </TestEntries>
  <Results>
    <UnitTestResult executionId="661aa345-3db0-4ba6-be7f-896ad3d4a8ad" testId="56bd20bc-db3a-85cc-102c-ad539f811be3" testName="ServiceReturnsCorrectAmountOfFiles" computerName="JONAS-PC" duration="00:00:00.1899303" startTime="2012-06-01T21:18:55.5473830+02:00" endTime="2012-06-01T21:18:55.8954029+02:00" testType="13cdc9d9-ddb5-4fa4-a97d-d965ccfc6d4b" outcome="Passed" testListId="8c84fa94-04c1-424b-9868-57a2d4851a1d" relativeResultsDirectory="661aa345-3db0-4ba6-be7f-896ad3d4a8ad">
    </UnitTestResult>
  </Results>
</TestRun>