<?xml version="1.0" encoding="UTF-8"?>
<TestRun id="0fd7469c-2810-4062-9f10-873968ffad48" name="Jonas@JONAS-PC 2012-06-01 19:31:43" runUser="Jonas-PC\Jonas" xmlns="http://microsoft.com/schemas/VisualStudio/TeamTest/2010">
  <TestSettings name="Local" id="496a61aa-4d45-44a3-8c70-ae3d7dd51462">
    <Description>These are default test settings for a local test run.</Description>
    <Deployment userDeploymentRoot="C:\Users\Jonas\Documents\GitHub\alf\TestResults" useDefaultDeploymentRoot="false" enabled="false" runDeploymentRoot="Jonas_JONAS-PC 2012-06-01 19_31_43">
      <DeploymentItem filename="C:\Users\Jonas\Documents\GitHub\alf\alf-services\bin\Debug\alf-services.dll" />
      <DeploymentItem filename="C:\Users\Jonas\Documents\GitHub\alf\alf-2013\bin\alf-2013.dll" />
    </Deployment>
    <Execution>
      <TestTypeSpecific />
      <AgentRule name="Execution Agents">
      </AgentRule>
    </Execution>
  </TestSettings>
  <Times creation="2012-06-01T19:31:43.1802671+02:00" queuing="2012-06-01T19:31:43.4298719+02:00" start="2012-06-01T19:31:43.4922720+02:00" finish="2012-06-01T19:31:43.8578747+02:00" />
  <ResultSummary outcome="Failed">
    <Counters total="1" executed="1" error="0" failed="1" timeout="0" aborted="0" inconclusive="0" passedButRunAborted="0" notRunnable="0" notExecuted="0" disconnected="0" warning="0" passed="0" completed="0" inProgress="0" pending="0" />
  </ResultSummary>
  <TestDefinitions>
    <UnitTest name="SaveFileAndRetrieve" storage="c:\users\jonas\documents\github\alf\alf-tests\bin\debug\alf-tests.dll" id="6a9cd35e-ecb0-bf97-d96b-a23dd2492250">
      <Execution id="06f1213b-2538-44e6-8fef-ba56d4dd140f" />
      <TestMethod codeBase="C:/Users/Jonas/Documents/GitHub/alf/alf-tests/bin/Debug/alf-tests.DLL" adapterTypeName="Microsoft.VisualStudio.TestTools.TestTypes.Unit.UnitTestAdapter, Microsoft.VisualStudio.QualityTools.Tips.UnitTest.Adapter, Version=10.0.0.0, Culture=neutral, PublicKeyToken=b03f5f7f11d50a3a" className="alf_tests.StorageTest, alf-tests, Version=1.0.0.0, Culture=neutral, PublicKeyToken=null" name="SaveFileAndRetrieve" />
    </UnitTest>
  </TestDefinitions>
  <TestLists>
    <TestList name="Results Not in a List" id="8c84fa94-04c1-424b-9868-57a2d4851a1d" />
    <TestList name="All Loaded Results" id="19431567-8539-422a-85d7-44ee4e166bda" />
  </TestLists>
  <TestEntries>
    <TestEntry testId="6a9cd35e-ecb0-bf97-d96b-a23dd2492250" executionId="06f1213b-2538-44e6-8fef-ba56d4dd140f" testListId="8c84fa94-04c1-424b-9868-57a2d4851a1d" />
  </TestEntries>
  <Results>
    <UnitTestResult executionId="06f1213b-2538-44e6-8fef-ba56d4dd140f" testId="6a9cd35e-ecb0-bf97-d96b-a23dd2492250" testName="SaveFileAndRetrieve" computerName="JONAS-PC" duration="00:00:00.0851768" startTime="2012-06-01T19:31:43.5390721+02:00" endTime="2012-06-01T19:31:43.8278730+02:00" testType="13cdc9d9-ddb5-4fa4-a97d-d965ccfc6d4b" outcome="Failed" testListId="8c84fa94-04c1-424b-9868-57a2d4851a1d" relativeResultsDirectory="06f1213b-2538-44e6-8fef-ba56d4dd140f">
      <Output>
        <ErrorInfo>
          <Message>Test method alf_tests.StorageTest.SaveFileAndRetrieve threw exception: 
System.ArgumentException: Format of the initialization string does not conform to specification starting at index 0.</Message>
          <StackTrace>    at System.Data.Common.DbConnectionOptions.GetKeyValuePair(String connectionString, Int32 currentPosition, StringBuilder buffer, Boolean useOdbcRules, String&amp; keyname, String&amp; keyvalue)
   at System.Data.Common.DbConnectionOptions.ParseInternal(Hashtable parsetable, String connectionString, Boolean buildChain, Hashtable synonyms, Boolean firstKey)
   at System.Data.Common.DbConnectionOptions..ctor(String connectionString, Hashtable synonyms, Boolean useOdbcRules)
   at System.Data.Common.DbConnectionStringBuilder.set_ConnectionString(String value)
   at MongoDB.Driver.MongoServer.Create(String connectionString) in C:\work\10gen\mongodb\mongo-csharp-driver\Driver\Core\MongoServer.cs:line 182
   at alf_services.Storage.Item.Store(String filename, MemoryStream stream) in C:\Users\Jonas\Documents\GitHub\alf\alf-services\Storage\Item.cs:line 32
   at alf_tests.StorageTest.SaveFileAndRetrieve() in C:\Users\Jonas\Documents\GitHub\alf\alf-tests\StorageTest.cs:line 19
</StackTrace>
        </ErrorInfo>
      </Output>
    </UnitTestResult>
  </Results>
</TestRun>