<?xml version="1.0" encoding="UTF-8"?>
<TestRun id="b52b54eb-a813-4a00-a967-6ac2181bdd76" name="Jonas@JONAS-PC 2012-06-02 09:44:05" runUser="Jonas-PC\Jonas" xmlns="http://microsoft.com/schemas/VisualStudio/TeamTest/2010">
  <TestSettings name="Local" id="496a61aa-4d45-44a3-8c70-ae3d7dd51462">
    <Description>These are default test settings for a local test run.</Description>
    <Deployment enabled="false" runDeploymentRoot="Jonas_JONAS-PC 2012-06-02 09_44_05">
      <DeploymentItem filename="C:\Users\Jonas\Documents\GitHub\alf\alf-services\bin\Debug\alf-services.dll" />
      <DeploymentItem filename="C:\Users\Jonas\Documents\GitHub\alf\alf-2013\bin\alf-2013.dll" />
    </Deployment>
    <Execution>
      <TestTypeSpecific />
      <AgentRule name="Execution Agents">
      </AgentRule>
    </Execution>
  </TestSettings>
  <Times creation="2012-06-02T09:44:05.5525759+02:00" queuing="2012-06-02T09:44:23.1525825+02:00" start="2012-06-02T09:44:23.2475879+02:00" finish="2012-06-02T09:44:23.6844103+02:00" />
  <ResultSummary outcome="Completed">
    <Counters total="3" executed="3" passed="3" error="0" failed="0" timeout="0" aborted="0" inconclusive="0" passedButRunAborted="0" notRunnable="0" notExecuted="0" disconnected="0" warning="0" completed="0" inProgress="0" pending="0" />
  </ResultSummary>
  <TestDefinitions>
    <UnitTest name="ServiceReturnsCorrectAmountOfFiles" storage="c:\users\jonas\documents\github\alf\alf-tests\bin\debug\alf-tests.dll" id="56bd20bc-db3a-85cc-102c-ad539f811be3">
      <Execution id="3c54f988-bb99-412a-95c5-db287a859898" />
      <TestMethod codeBase="C:/Users/Jonas/Documents/GitHub/alf/alf-tests/bin/Debug/alf-tests.DLL" adapterTypeName="Microsoft.VisualStudio.TestTools.TestTypes.Unit.UnitTestAdapter, Microsoft.VisualStudio.QualityTools.Tips.UnitTest.Adapter, Version=10.0.0.0, Culture=neutral, PublicKeyToken=b03f5f7f11d50a3a" className="alf_tests.StorageTest, alf-tests, Version=1.0.0.0, Culture=neutral, PublicKeyToken=null" name="ServiceReturnsCorrectAmountOfFiles" />
    </UnitTest>
    <UnitTest name="SaveFileAndRetrieve" storage="c:\users\jonas\documents\github\alf\alf-tests\bin\debug\alf-tests.dll" id="6a9cd35e-ecb0-bf97-d96b-a23dd2492250">
      <Execution id="efd3a40f-6a4f-4a0f-bb1b-0596352fdd0c" />
      <TestMethod codeBase="C:/Users/Jonas/Documents/GitHub/alf/alf-tests/bin/Debug/alf-tests.DLL" adapterTypeName="Microsoft.VisualStudio.TestTools.TestTypes.Unit.UnitTestAdapter, Microsoft.VisualStudio.QualityTools.Tips.UnitTest.Adapter, Version=10.0.0.0, Culture=neutral, PublicKeyToken=b03f5f7f11d50a3a" className="alf_tests.StorageTest, alf-tests, Version=1.0.0.0, Culture=neutral, PublicKeyToken=null" name="SaveFileAndRetrieve" />
    </UnitTest>
    <UnitTest name="TeacherNameShouldConcatenateFirstAndLastName" storage="c:\users\jonas\documents\github\alf\alf-tests\bin\debug\alf-tests.dll" id="32fd4c67-6e71-1e37-2d1d-d226a4733d0c">
      <Execution id="3be9db18-02e3-454e-af77-60eb9e8f1c6f" />
      <TestMethod codeBase="C:/Users/Jonas/Documents/GitHub/alf/alf-tests/bin/Debug/alf-tests.DLL" adapterTypeName="Microsoft.VisualStudio.TestTools.TestTypes.Unit.UnitTestAdapter, Microsoft.VisualStudio.QualityTools.Tips.UnitTest.Adapter, Version=10.0.0.0, Culture=neutral, PublicKeyToken=b03f5f7f11d50a3a" className="alf_tests.TeacherTest, alf-tests, Version=1.0.0.0, Culture=neutral, PublicKeyToken=null" name="TeacherNameShouldConcatenateFirstAndLastName" />
    </UnitTest>
  </TestDefinitions>
  <TestLists>
    <TestList name="Results Not in a List" id="8c84fa94-04c1-424b-9868-57a2d4851a1d" />
    <TestList name="All Loaded Results" id="19431567-8539-422a-85d7-44ee4e166bda" />
  </TestLists>
  <TestEntries>
    <TestEntry testId="32fd4c67-6e71-1e37-2d1d-d226a4733d0c" executionId="3be9db18-02e3-454e-af77-60eb9e8f1c6f" testListId="8c84fa94-04c1-424b-9868-57a2d4851a1d" />
    <TestEntry testId="56bd20bc-db3a-85cc-102c-ad539f811be3" executionId="3c54f988-bb99-412a-95c5-db287a859898" testListId="8c84fa94-04c1-424b-9868-57a2d4851a1d" />
    <TestEntry testId="6a9cd35e-ecb0-bf97-d96b-a23dd2492250" executionId="efd3a40f-6a4f-4a0f-bb1b-0596352fdd0c" testListId="8c84fa94-04c1-424b-9868-57a2d4851a1d" />
  </TestEntries>
  <Results>
    <UnitTestResult executionId="3be9db18-02e3-454e-af77-60eb9e8f1c6f" testId="32fd4c67-6e71-1e37-2d1d-d226a4733d0c" testName="TeacherNameShouldConcatenateFirstAndLastName" computerName="JONAS-PC" duration="00:00:00.0115021" startTime="2012-06-02T09:44:23.2555884+02:00" endTime="2012-06-02T09:44:23.4596001+02:00" testType="13cdc9d9-ddb5-4fa4-a97d-d965ccfc6d4b" outcome="Passed" testListId="8c84fa94-04c1-424b-9868-57a2d4851a1d" relativeResultsDirectory="3be9db18-02e3-454e-af77-60eb9e8f1c6f">
    </UnitTestResult>
    <UnitTestResult executionId="3c54f988-bb99-412a-95c5-db287a859898" testId="56bd20bc-db3a-85cc-102c-ad539f811be3" testName="ServiceReturnsCorrectAmountOfFiles" computerName="JONAS-PC" duration="00:00:00.1933901" startTime="2012-06-02T09:44:23.4606001+02:00" endTime="2012-06-02T09:44:23.6532103+02:00" testType="13cdc9d9-ddb5-4fa4-a97d-d965ccfc6d4b" outcome="Passed" testListId="8c84fa94-04c1-424b-9868-57a2d4851a1d" relativeResultsDirectory="3c54f988-bb99-412a-95c5-db287a859898">
    </UnitTestResult>
    <UnitTestResult executionId="efd3a40f-6a4f-4a0f-bb1b-0596352fdd0c" testId="6a9cd35e-ecb0-bf97-d96b-a23dd2492250" testName="SaveFileAndRetrieve" computerName="JONAS-PC" duration="00:00:00.0102837" startTime="2012-06-02T09:44:23.6532103+02:00" endTime="2012-06-02T09:44:23.6688103+02:00" testType="13cdc9d9-ddb5-4fa4-a97d-d965ccfc6d4b" outcome="Passed" testListId="8c84fa94-04c1-424b-9868-57a2d4851a1d" relativeResultsDirectory="efd3a40f-6a4f-4a0f-bb1b-0596352fdd0c">
    </UnitTestResult>
  </Results>
</TestRun>